[INFO] Scanning for projects...
[INFO] 
[INFO] ------------------< com.example:invoice-backend-core >------------------
[INFO] Building invoice-backend-core 0.0.1-SNAPSHOT
[INFO]   from pom.xml
[INFO] --------------------------------[ jar ]---------------------------------
[INFO] 
[INFO] >>> spring-boot:3.5.6:run (default-cli) > test-compile @ invoice-backend-core >>>
[INFO] 
[INFO] --- resources:3.3.1:resources (default-resources) @ invoice-backend-core ---
[INFO] Copying 2 resources from src\main\resources to target\classes
[INFO] Copying 1 resource from src\main\resources to target\classes
[INFO] 
[INFO] --- compiler:3.14.0:compile (default-compile) @ invoice-backend-core ---
[INFO] Nothing to compile - all classes are up to date.
[INFO] 
[INFO] --- resources:3.3.1:testResources (default-testResources) @ invoice-backend-core ---
[INFO] skip non existing resourceDirectory D:\DOAN_KLCN\backendqt\backendqt\src\test\resources
[INFO] 
[INFO] --- compiler:3.14.0:testCompile (default-testCompile) @ invoice-backend-core ---
[INFO] Nothing to compile - all classes are up to date.
[INFO] 
[INFO] <<< spring-boot:3.5.6:run (default-cli) < test-compile @ invoice-backend-core <<<
[INFO] 
[INFO] 
[INFO] --- spring-boot:3.5.6:run (default-cli) @ invoice-backend-core ---
[INFO] Attaching agents: []

  .   ____          _            __ _ _
 /\\ / ___'_ __ _ _(_)_ __  __ _ \ \ \ \
( ( )\___ | '_ | '_| | '_ \/ _` | \ \ \ \
 \\/  ___)| |_)| | | | | || (_| |  ) ) ) )
  '  |____| .__|_| |_|_| |_\__, | / / / /
 =========|_|==============|___/=/_/_/_/

 :: Spring Boot ::                (v3.5.6)

2026-09-27T18:42:17.478+07:00  INFO 6676 --- [invoice-backend-core] [           main] com.example.invoice.InvoiceApplication   : Starting InvoiceApplication using Java 21.0.9 with PID 6676 (D:\DOAN_KLCN\backendqt\backendqt\target\classes started by PC in D:\DOAN_KLCN\backendqt\backendqt)
2026-09-27T18:42:17.490+07:00  INFO 6676 --- [invoice-backend-core] [           main] com.example.invoice.InvoiceApplication   : No active profile set, falling back to 1 default profile: "default"
2026-09-27T18:42:18.406+07:00  INFO 6676 --- [invoice-backend-core] [           main] .s.d.r.c.RepositoryConfigurationDelegate : Bootstrapping Spring Data JPA repositories in DEFAULT mode.
2026-09-27T18:42:18.531+07:00  INFO 6676 --- [invoice-backend-core] [           main] .s.d.r.c.RepositoryConfigurationDelegate : Finished Spring Data repository scanning in 125 ms. Found 19 JPA repository interfaces.
2026-09-27T18:42:19.151+07:00  INFO 6676 --- [invoice-backend-core] [           main] o.s.b.w.embedded.tomcat.TomcatWebServer  : Tomcat initialized with port 8081 (http)
2026-09-27T18:42:19.151+07:00  INFO 6676 --- [invoice-backend-core] [           main] o.apache.catalina.core.StandardService   : Starting service [Tomcat]
2026-09-27T18:42:19.151+07:00  INFO 6676 --- [invoice-backend-core] [           main] o.apache.catalina.core.StandardEngine    : Starting Servlet engine: [Apache Tomcat/10.1.46]
2026-09-27T18:42:19.218+07:00  INFO 6676 --- [invoice-backend-core] [           main] o.a.c.c.C.[Tomcat].[localhost].[/]       : Initializing Spring embedded WebApplicationContext
2026-09-27T18:42:19.218+07:00  INFO 6676 --- [invoice-backend-core] [           main] w.s.c.ServletWebServerApplicationContext : Root WebApplicationContext: initialization completed in 1675 ms
2026-09-27T18:42:19.367+07:00  INFO 6676 --- [invoice-backend-core] [           main] o.hibernate.jpa.internal.util.LogHelper  : HHH000204: Processing PersistenceUnitInfo [name: default]
2026-09-27T18:42:19.427+07:00  INFO 6676 --- [invoice-backend-core] [           main] org.hibernate.Version                    : HHH000412: Hibernate ORM core version 6.6.29.Final
2026-09-27T18:42:19.464+07:00  INFO 6676 --- [invoice-backend-core] [           main] o.h.c.internal.RegionFactoryInitiator    : HHH000026: Second-level cache disabled
2026-09-27T18:42:19.669+07:00  INFO 6676 --- [invoice-backend-core] [           main] o.s.o.j.p.SpringPersistenceUnitInfo      : No LoadTimeWeaver setup: ignoring JPA class transformer
2026-09-27T18:42:19.700+07:00  INFO 6676 --- [invoice-backend-core] [           main] com.zaxxer.hikari.HikariDataSource       : HikariPool-1 - Starting...
2026-09-27T18:42:19.840+07:00  INFO 6676 --- [invoice-backend-core] [           main] com.zaxxer.hikari.pool.HikariPool        : HikariPool-1 - Added connection org.postgresql.jdbc.PgConnection@164dea80
2026-09-27T18:42:19.840+07:00  INFO 6676 --- [invoice-backend-core] [           main] com.zaxxer.hikari.HikariDataSource       : HikariPool-1 - Start completed.
2026-09-27T18:42:19.881+07:00  WARN 6676 --- [invoice-backend-core] [           main] org.hibernate.orm.deprecation            : HHH90000025: PostgreSQLDialect does not need to be specified explicitly using 'hibernate.dialect' (remove the property setting and it will be selected by default)
2026-09-27T18:42:19.903+07:00  INFO 6676 --- [invoice-backend-core] [           main] org.hibernate.orm.connections.pooling    : HHH10001005: Database info:
	Database JDBC URL [Connecting through datasource 'HikariDataSource (HikariPool-1)']
	Database driver: undefined/unknown
	Database version: 18.6
	Autocommit mode: undefined/unknown
	Isolation level: undefined/unknown
	Minimum pool size: undefined/unknown
	Maximum pool size: undefined/unknown
2026-09-27T18:42:21.469+07:00  INFO 6676 --- [invoice-backend-core] [           main] o.h.e.t.j.p.i.JtaPlatformInitiator       : HHH000489: No JTA platform available (set 'hibernate.transaction.jta.platform' to enable JTA platform integration)
2026-09-27T18:42:23.299+07:00  INFO 6676 --- [invoice-backend-core] [           main] j.LocalContainerEntityManagerFactoryBean : Initialized JPA EntityManagerFactory for persistence unit 'default'
2026-09-27T18:42:23.858+07:00  INFO 6676 --- [invoice-backend-core] [           main] eAuthenticationProviderManagerConfigurer : Global AuthenticationManager configured with AuthenticationProvider bean with name authenticationProvider
2026-09-27T18:42:23.858+07:00  WARN 6676 --- [invoice-backend-core] [           main] r$InitializeUserDetailsManagerConfigurer : Global AuthenticationManager configured with an AuthenticationProvider bean. UserDetailsService beans will not be used by Spring Security for automatically configuring username/password login. Consider removing the AuthenticationProvider bean. Alternatively, consider using the UserDetailsService in a manually instantiated DaoAuthenticationProvider. If the current configuration is intentional, to turn off this warning, increase the logging level of 'org.springframework.security.config.annotation.authentication.configuration.InitializeUserDetailsBeanManagerConfigurer' to ERROR
2026-09-27T18:42:25.136+07:00  INFO 6676 --- [invoice-backend-core] [           main] o.s.b.w.embedded.tomcat.TomcatWebServer  : Tomcat started on port 8081 (http) with context path '/'
2026-09-27T18:42:25.160+07:00  INFO 6676 --- [invoice-backend-core] [           main] com.example.invoice.InvoiceApplication   : Started InvoiceApplication in 8.35 seconds (process running for 8.777)
Hibernate: 
    select
        pg1_0.group_id,
        pg1_0.active,
        pg1_0.code,
        pg1_0.description,
        pg1_0.name 
    from
        permission_groups pg1_0 
    where
        pg1_0.code=?
Hibernate: 
    select
        pg1_0.group_id,
        pg1_0.active,
        pg1_0.code,
        pg1_0.description,
        pg1_0.name 
    from
        permission_groups pg1_0 
    where
        pg1_0.code=?
Hibernate: 
    select
        pg1_0.group_id,
        pg1_0.active,
        pg1_0.code,
        pg1_0.description,
        pg1_0.name 
    from
        permission_groups pg1_0 
    where
        pg1_0.code=?
Hibernate: 
    select
        pg1_0.group_id,
        pg1_0.active,
        pg1_0.code,
        pg1_0.description,
        pg1_0.name 
    from
        permission_groups pg1_0 
    where
        pg1_0.code=?
Hibernate: 
    select
        pg1_0.group_id,
        pg1_0.active,
        pg1_0.code,
        pg1_0.description,
        pg1_0.name 
    from
        permission_groups pg1_0 
    where
        pg1_0.code=?
Hibernate: 
    select
        pg1_0.group_id,
        pg1_0.active,
        pg1_0.code,
        pg1_0.description,
        pg1_0.name 
    from
        permission_groups pg1_0 
    where
        pg1_0.code=?
Hibernate: 
    select
        pg1_0.group_id,
        pg1_0.active,
        pg1_0.code,
        pg1_0.description,
        pg1_0.name 
    from
        permission_groups pg1_0 
    where
        pg1_0.code=?
Hibernate: 
    select
        pg1_0.group_id,
        pg1_0.active,
        pg1_0.code,
        pg1_0.description,
        pg1_0.name 
    from
        permission_groups pg1_0 
    where
        pg1_0.code=?
Hibernate: 
    select
        p1_0.permission_id,
        p1_0.active,
        p1_0.code,
        p1_0.description,
        p1_0.group_id,
        p1_0.name 
    from
        permissions p1_0 
    where
        p1_0.code=?
Hibernate: 
    select
        p1_0.permission_id,
        p1_0.active,
        p1_0.code,
        p1_0.description,
        p1_0.group_id,
        p1_0.name 
    from
        permissions p1_0 
    where
        p1_0.code=?
Hibernate: 
    select
        p1_0.permission_id,
        p1_0.active,
        p1_0.code,
        p1_0.description,
        p1_0.group_id,
        p1_0.name 
    from
        permissions p1_0 
    where
        p1_0.code=?
Hibernate: 
    select
        p1_0.permission_id,
        p1_0.active,
        p1_0.code,
        p1_0.description,
        p1_0.group_id,
        p1_0.name 
    from
        permissions p1_0 
    where
        p1_0.code=?
Hibernate: 
    select
        p1_0.permission_id,
        p1_0.active,
        p1_0.code,
        p1_0.description,
        p1_0.group_id,
        p1_0.name 
    from
        permissions p1_0 
    where
        p1_0.code=?
Hibernate: 
    select
        p1_0.permission_id,
        p1_0.active,
        p1_0.code,
        p1_0.description,
        p1_0.group_id,
        p1_0.name 
    from
        permissions p1_0 
    where
        p1_0.code=?
Hibernate: 
    select
        p1_0.permission_id,
        p1_0.active,
        p1_0.code,
        p1_0.description,
        p1_0.group_id,
        p1_0.name 
    from
        permissions p1_0 
    where
        p1_0.code=?
Hibernate: 
    select
        p1_0.permission_id,
        p1_0.active,
        p1_0.code,
        p1_0.description,
        p1_0.group_id,
        p1_0.name 
    from
        permissions p1_0 
    where
        p1_0.code=?
Hibernate: 
    select
        p1_0.permission_id,
        p1_0.active,
        p1_0.code,
        p1_0.description,
        p1_0.group_id,
        p1_0.name 
    from
        permissions p1_0 
    where
        p1_0.code=?
Hibernate: 
    select
        p1_0.permission_id,
        p1_0.active,
        p1_0.code,
        p1_0.description,
        p1_0.group_id,
        p1_0.name 
    from
        permissions p1_0 
    where
        p1_0.code=?
Hibernate: 
    select
        p1_0.permission_id,
        p1_0.active,
        p1_0.code,
        p1_0.description,
        p1_0.group_id,
        p1_0.name 
    from
        permissions p1_0 
    where
        p1_0.code=?
Hibernate: 
    select
        p1_0.permission_id,
        p1_0.active,
        p1_0.code,
        p1_0.description,
        p1_0.group_id,
        p1_0.name 
    from
        permissions p1_0 
    where
        p1_0.code=?
Hibernate: 
    select
        p1_0.permission_id,
        p1_0.active,
        p1_0.code,
        p1_0.description,
        p1_0.group_id,
        p1_0.name 
    from
        permissions p1_0 
    where
        p1_0.code=?
Hibernate: 
    select
        p1_0.permission_id,
        p1_0.active,
        p1_0.code,
        p1_0.description,
        p1_0.group_id,
        p1_0.name 
    from
        permissions p1_0 
    where
        p1_0.code=?
Hibernate: 
    select
        p1_0.permission_id,
        p1_0.active,
        p1_0.code,
        p1_0.description,
        p1_0.group_id,
        p1_0.name 
    from
        permissions p1_0 
    where
        p1_0.code=?
Hibernate: 
    select
        p1_0.permission_id,
        p1_0.active,
        p1_0.code,
        p1_0.description,
        p1_0.group_id,
        p1_0.name 
    from
        permissions p1_0 
    where
        p1_0.code=?
Hibernate: 
    select
        p1_0.permission_id,
        p1_0.active,
        p1_0.code,
        p1_0.description,
        p1_0.group_id,
        p1_0.name 
    from
        permissions p1_0 
    where
        p1_0.code=?
Hibernate: 
    select
        p1_0.permission_id,
        p1_0.active,
        p1_0.code,
        p1_0.description,
        p1_0.group_id,
        p1_0.name 
    from
        permissions p1_0 
    where
        p1_0.code=?
Hibernate: 
    select
        p1_0.permission_id,
        p1_0.active,
        p1_0.code,
        p1_0.description,
        p1_0.group_id,
        p1_0.name 
    from
        permissions p1_0 
    where
        p1_0.code=?
Hibernate: 
    select
        p1_0.permission_id,
        p1_0.active,
        p1_0.code,
        p1_0.description,
        p1_0.group_id,
        p1_0.name 
    from
        permissions p1_0 
    where
        p1_0.code=?
Hibernate: 
    select
        p1_0.permission_id,
        p1_0.active,
        p1_0.code,
        p1_0.description,
        p1_0.group_id,
        p1_0.name 
    from
        permissions p1_0 
    where
        p1_0.code=?
Hibernate: 
    select
        p1_0.permission_id,
        p1_0.active,
        p1_0.code,
        p1_0.description,
        p1_0.group_id,
        p1_0.name 
    from
        permissions p1_0 
    where
        p1_0.code=?
Hibernate: 
    select
        p1_0.permission_id,
        p1_0.active,
        p1_0.code,
        p1_0.description,
        p1_0.group_id,
        p1_0.name 
    from
        permissions p1_0 
    where
        p1_0.code=?
Hibernate: 
    select
        p1_0.permission_id,
        p1_0.active,
        p1_0.code,
        p1_0.description,
        p1_0.group_id,
        p1_0.name 
    from
        permissions p1_0 
    where
        p1_0.code=?
Hibernate: 
    select
        r1_0.role_id,
        r1_0.active,
        r1_0.code,
        r1_0.created_at,
        r1_0.description,
        r1_0.role_name,
        r1_0.updated_at 
    from
        roles r1_0 
    where
        r1_0.code=?
Hibernate: 
    select
        rp1_0.role_id,
        rp1_0.role_permission_id,
        rp1_0.assigned_at,
        rp1_0.assigned_by,
        rp1_0.permission_id 
    from
        role_permissions rp1_0 
    where
        rp1_0.role_id=?
Hibernate: 
    select
        r1_0.role_id,
        r1_0.active,
        r1_0.code,
        r1_0.created_at,
        r1_0.description,
        r1_0.role_name,
        r1_0.updated_at 
    from
        roles r1_0 
    where
        r1_0.code=?
Hibernate: 
    select
        rp1_0.role_id,
        rp1_0.role_permission_id,
        rp1_0.assigned_at,
        rp1_0.assigned_by,
        rp1_0.permission_id 
    from
        role_permissions rp1_0 
    where
        rp1_0.role_id=?
Hibernate: 
    select
        r1_0.role_id,
        r1_0.active,
        r1_0.code,
        r1_0.created_at,
        r1_0.description,
        r1_0.role_name,
        r1_0.updated_at 
    from
        roles r1_0 
    where
        r1_0.code=?
Hibernate: 
    select
        rp1_0.role_id,
        rp1_0.role_permission_id,
        rp1_0.assigned_at,
        rp1_0.assigned_by,
        rp1_0.permission_id 
    from
        role_permissions rp1_0 
    where
        rp1_0.role_id=?
Hibernate: 
    select
        r1_0.role_id,
        r1_0.active,
        r1_0.code,
        r1_0.created_at,
        r1_0.description,
        r1_0.role_name,
        r1_0.updated_at 
    from
        roles r1_0 
    where
        r1_0.code=?
Hibernate: 
    select
        rp1_0.role_id,
        rp1_0.role_permission_id,
        rp1_0.assigned_at,
        rp1_0.assigned_by,
        rp1_0.permission_id 
    from
        role_permissions rp1_0 
    where
        rp1_0.role_id=?
Hibernate: 
    select
        u1_0.user_id,
        u1_0.avatar,
        u1_0.company_id,
        u1_0.created_at,
        u1_0.email,
        u1_0.full_name,
        u1_0.password_hash,
        u1_0.phone,
        u1_0.status,
        u1_0.updated_at,
        u1_0.username 
    from
        users u1_0
Hibernate: 
    select
        r1_0.role_id,
        r1_0.active,
        r1_0.code,
        r1_0.created_at,
        r1_0.description,
        r1_0.role_name,
        r1_0.updated_at 
    from
        roles r1_0 
    where
        r1_0.code=?
Hibernate: 
    select
        ur1_0.user_id,
        ur1_0.user_role_id,
        ur1_0.assigned_at,
        ur1_0.assigned_by,
        ur1_0.role_id 
    from
        user_roles ur1_0 
    where
        ur1_0.user_id=?
Hibernate: 
    select
        r1_0.role_id,
        r1_0.active,
        r1_0.code,
        r1_0.created_at,
        r1_0.description,
        r1_0.role_name,
        r1_0.updated_at 
    from
        roles r1_0 
    where
        r1_0.code=?
Hibernate: 
    select
        ur1_0.user_id,
        ur1_0.user_role_id,
        ur1_0.assigned_at,
        ur1_0.assigned_by,
        ur1_0.role_id 
    from
        user_roles ur1_0 
    where
        ur1_0.user_id=?
Hibernate: 
    select
        r1_0.role_id,
        r1_0.active,
        r1_0.code,
        r1_0.created_at,
        r1_0.description,
        r1_0.role_name,
        r1_0.updated_at 
    from
        roles r1_0 
    where
        r1_0.code=?
Hibernate: 
    select
        ur1_0.user_id,
        ur1_0.user_role_id,
        ur1_0.assigned_at,
        ur1_0.assigned_by,
        ur1_0.role_id 
    from
        user_roles ur1_0 
    where
        ur1_0.user_id=?
Hibernate: 
    select
        u1_0.user_id,
        u1_0.avatar,
        u1_0.company_id,
        u1_0.created_at,
        u1_0.email,
        u1_0.full_name,
        u1_0.password_hash,
        u1_0.phone,
        u1_0.status,
        u1_0.updated_at,
        u1_0.username 
    from
        users u1_0 
    where
        u1_0.username=?
Hibernate: 
    select
        r1_0.role_id,
        r1_0.active,
        r1_0.code,
        r1_0.created_at,
        r1_0.description,
        r1_0.role_name,
        r1_0.updated_at 
    from
        roles r1_0 
    where
        r1_0.code=?
Hibernate: 
    select
        ur1_0.user_id,
        ur1_0.user_role_id,
        ur1_0.assigned_at,
        ur1_0.assigned_by,
        ur1_0.role_id 
    from
        user_roles ur1_0 
    where
        ur1_0.user_id=?
Hibernate: 
    select
        u1_0.user_id,
        u1_0.avatar,
        u1_0.company_id,
        u1_0.created_at,
        u1_0.email,
        u1_0.full_name,
        u1_0.password_hash,
        u1_0.phone,
        u1_0.status,
        u1_0.updated_at,
        u1_0.username 
    from
        users u1_0 
    where
        u1_0.username=?
Hibernate: 
    select
        r1_0.role_id,
        r1_0.active,
        r1_0.code,
        r1_0.created_at,
        r1_0.description,
        r1_0.role_name,
        r1_0.updated_at 
    from
        roles r1_0 
    where
        r1_0.code=?
Hibernate: 
    select
        ur1_0.user_id,
        ur1_0.user_role_id,
        ur1_0.assigned_at,
        ur1_0.assigned_by,
        ur1_0.role_id 
    from
        user_roles ur1_0 
    where
        ur1_0.user_id=?
Hibernate: 
    select
        u1_0.user_id,
        u1_0.avatar,
        u1_0.company_id,
        u1_0.created_at,
        u1_0.email,
        u1_0.full_name,
        u1_0.password_hash,
        u1_0.phone,
        u1_0.status,
        u1_0.updated_at,
        u1_0.username 
    from
        users u1_0 
    where
        u1_0.username=?
Hibernate: 
    select
        r1_0.role_id,
        r1_0.active,
        r1_0.code,
        r1_0.created_at,
        r1_0.description,
        r1_0.role_name,
        r1_0.updated_at 
    from
        roles r1_0 
    where
        r1_0.code=?
Hibernate: 
    select
        ur1_0.user_id,
        ur1_0.user_role_id,
        ur1_0.assigned_at,
        ur1_0.assigned_by,
        ur1_0.role_id 
    from
        user_roles ur1_0 
    where
        ur1_0.user_id=?
2026-09-27T18:42:36.534+07:00  INFO 6676 --- [invoice-backend-core] [nio-8081-exec-2] o.a.c.c.C.[Tomcat].[localhost].[/]       : Initializing Spring DispatcherServlet 'dispatcherServlet'
2026-09-27T18:42:36.535+07:00  INFO 6676 --- [invoice-backend-core] [nio-8081-exec-2] o.s.web.servlet.DispatcherServlet        : Initializing Servlet 'dispatcherServlet'
2026-09-27T18:42:36.539+07:00  INFO 6676 --- [invoice-backend-core] [nio-8081-exec-2] o.s.web.servlet.DispatcherServlet        : Completed initialization in 4 ms
Hibernate: 
    select
        u1_0.user_id,
        u1_0.avatar,
        u1_0.company_id,
        u1_0.created_at,
        u1_0.email,
        u1_0.full_name,
        u1_0.password_hash,
        u1_0.phone,
        u1_0.status,
        u1_0.updated_at,
        u1_0.username 
    from
        users u1_0 
    where
        u1_0.username=?
Hibernate: 
    select
        u1_0.user_id,
        u1_0.avatar,
        u1_0.company_id,
        u1_0.created_at,
        u1_0.email,
        u1_0.full_name,
        u1_0.password_hash,
        u1_0.phone,
        u1_0.status,
        u1_0.updated_at,
        u1_0.username 
    from
        users u1_0 
    where
        u1_0.username=?
Hibernate: 
    select
        ur1_0.user_id,
        ur1_0.user_role_id,
        ur1_0.assigned_at,
        ur1_0.assigned_by,
        ur1_0.role_id 
    from
        user_roles ur1_0 
    where
        ur1_0.user_id=?
Hibernate: 
    select
        ur1_0.user_id,
        ur1_0.user_role_id,
        ur1_0.assigned_at,
        ur1_0.assigned_by,
        ur1_0.role_id 
    from
        user_roles ur1_0 
    where
        ur1_0.user_id=?
Hibernate: 
    select
        r1_0.role_id,
        r1_0.active,
        r1_0.code,
        r1_0.created_at,
        r1_0.description,
        r1_0.role_name,
        r1_0.updated_at 
    from
        roles r1_0 
    where
        r1_0.role_id=?
Hibernate: 
    select
        r1_0.role_id,
        r1_0.active,
        r1_0.code,
        r1_0.created_at,
        r1_0.description,
        r1_0.role_name,
        r1_0.updated_at 
    from
        roles r1_0 
    where
        r1_0.role_id=?
Hibernate: 
    select
        rp1_0.role_id,
        rp1_0.role_permission_id,
        rp1_0.assigned_at,
        rp1_0.assigned_by,
        rp1_0.permission_id 
    from
        role_permissions rp1_0 
    where
        rp1_0.role_id=?
Hibernate: 
    select
        rp1_0.role_id,
        rp1_0.role_permission_id,
        rp1_0.assigned_at,
        rp1_0.assigned_by,
        rp1_0.permission_id 
    from
        role_permissions rp1_0 
    where
        rp1_0.role_id=?
Hibernate: 
    select
        p1_0.permission_id,
        p1_0.active,
        p1_0.code,
        p1_0.description,
        p1_0.group_id,
        p1_0.name 
    from
        permissions p1_0 
    where
        p1_0.permission_id=?
Hibernate: 
    select
        p1_0.permission_id,
        p1_0.active,
        p1_0.code,
        p1_0.description,
        p1_0.group_id,
        p1_0.name 
    from
        permissions p1_0 
    where
        p1_0.permission_id=?
Hibernate: 
    select
        p1_0.permission_id,
        p1_0.active,
        p1_0.code,
        p1_0.description,
        p1_0.group_id,
        p1_0.name 
    from
        permissions p1_0 
    where
        p1_0.permission_id=?
Hibernate: 
    select
        p1_0.permission_id,
        p1_0.active,
        p1_0.code,
        p1_0.description,
        p1_0.group_id,
        p1_0.name 
    from
        permissions p1_0 
    where
        p1_0.permission_id=?
Hibernate: 
    select
        p1_0.permission_id,
        p1_0.active,
        p1_0.code,
        p1_0.description,
        p1_0.group_id,
        p1_0.name 
    from
        permissions p1_0 
    where
        p1_0.permission_id=?
Hibernate: 
    select
        p1_0.permission_id,
        p1_0.active,
        p1_0.code,
        p1_0.description,
        p1_0.group_id,
        p1_0.name 
    from
        permissions p1_0 
    where
        p1_0.permission_id=?
Hibernate: 
    select
        p1_0.permission_id,
        p1_0.active,
        p1_0.code,
        p1_0.description,
        p1_0.group_id,
        p1_0.name 
    from
        permissions p1_0 
    where
        p1_0.permission_id=?
Hibernate: 
    select
        p1_0.permission_id,
        p1_0.active,
        p1_0.code,
        p1_0.description,
        p1_0.group_id,
        p1_0.name 
    from
        permissions p1_0 
    where
        p1_0.permission_id=?
Hibernate: 
    select
        p1_0.permission_id,
        p1_0.active,
        p1_0.code,
        p1_0.description,
        p1_0.group_id,
        p1_0.name 
    from
        permissions p1_0 
    where
        p1_0.permission_id=?
Hibernate: 
    select
        p1_0.permission_id,
        p1_0.active,
        p1_0.code,
        p1_0.description,
        p1_0.group_id,
        p1_0.name 
    from
        permissions p1_0 
    where
        p1_0.permission_id=?
Hibernate: 
    select
        p1_0.permission_id,
        p1_0.active,
        p1_0.code,
        p1_0.description,
        p1_0.group_id,
        p1_0.name 
    from
        permissions p1_0 
    where
        p1_0.permission_id=?
Hibernate: 
    select
        p1_0.permission_id,
        p1_0.active,
        p1_0.code,
        p1_0.description,
        p1_0.group_id,
        p1_0.name 
    from
        permissions p1_0 
    where
        p1_0.permission_id=?
Hibernate: 
    select
        p1_0.permission_id,
        p1_0.active,
        p1_0.code,
        p1_0.description,
        p1_0.group_id,
        p1_0.name 
    from
        permissions p1_0 
    where
        p1_0.permission_id=?
Hibernate: 
    select
        p1_0.permission_id,
        p1_0.active,
        p1_0.code,
        p1_0.description,
        p1_0.group_id,
        p1_0.name 
    from
        permissions p1_0 
    where
        p1_0.permission_id=?
Hibernate: 
    select
        p1_0.permission_id,
        p1_0.active,
        p1_0.code,
        p1_0.description,
        p1_0.group_id,
        p1_0.name 
    from
        permissions p1_0 
    where
        p1_0.permission_id=?
Hibernate: 
    select
        p1_0.permission_id,
        p1_0.active,
        p1_0.code,
        p1_0.description,
        p1_0.group_id,
        p1_0.name 
    from
        permissions p1_0 
    where
        p1_0.permission_id=?
Hibernate: 
    select
        p1_0.permission_id,
        p1_0.active,
        p1_0.code,
        p1_0.description,
        p1_0.group_id,
        p1_0.name 
    from
        permissions p1_0 
    where
        p1_0.permission_id=?
Hibernate: 
    select
        p1_0.permission_id,
        p1_0.active,
        p1_0.code,
        p1_0.description,
        p1_0.group_id,
        p1_0.name 
    from
        permissions p1_0 
    where
        p1_0.permission_id=?
Hibernate: 
    select
        p1_0.permission_id,
        p1_0.active,
        p1_0.code,
        p1_0.description,
        p1_0.group_id,
        p1_0.name 
    from
        permissions p1_0 
    where
        p1_0.permission_id=?
Hibernate: 
    select
        p1_0.permission_id,
        p1_0.active,
        p1_0.code,
        p1_0.description,
        p1_0.group_id,
        p1_0.name 
    from
        permissions p1_0 
    where
        p1_0.permission_id=?
Hibernate: 
    select
        p1_0.permission_id,
        p1_0.active,
        p1_0.code,
        p1_0.description,
        p1_0.group_id,
        p1_0.name 
    from
        permissions p1_0 
    where
        p1_0.permission_id=?
Hibernate: 
    select
        p1_0.permission_id,
        p1_0.active,
        p1_0.code,
        p1_0.description,
        p1_0.group_id,
        p1_0.name 
    from
        permissions p1_0 
    where
        p1_0.permission_id=?
Hibernate: 
    select
        p1_0.permission_id,
        p1_0.active,
        p1_0.code,
        p1_0.description,
        p1_0.group_id,
        p1_0.name 
    from
        permissions p1_0 
    where
        p1_0.permission_id=?
Hibernate: 
    select
        p1_0.permission_id,
        p1_0.active,
        p1_0.code,
        p1_0.description,
        p1_0.group_id,
        p1_0.name 
    from
        permissions p1_0 
    where
        p1_0.permission_id=?
Hibernate: 
    select
        p1_0.permission_id,
        p1_0.active,
        p1_0.code,
        p1_0.description,
        p1_0.group_id,
        p1_0.name 
    from
        permissions p1_0 
    where
        p1_0.permission_id=?
Hibernate: 
    select
        p1_0.permission_id,
        p1_0.active,
        p1_0.code,
        p1_0.description,
        p1_0.group_id,
        p1_0.name 
    from
        permissions p1_0 
    where
        p1_0.permission_id=?
Hibernate: 
    select
        p1_0.permission_id,
        p1_0.active,
        p1_0.code,
        p1_0.description,
        p1_0.group_id,
        p1_0.name 
    from
        permissions p1_0 
    where
        p1_0.permission_id=?
Hibernate: 
    select
        p1_0.permission_id,
        p1_0.active,
        p1_0.code,
        p1_0.description,
        p1_0.group_id,
        p1_0.name 
    from
        permissions p1_0 
    where
        p1_0.permission_id=?
Hibernate: 
    select
        p1_0.permission_id,
        p1_0.active,
        p1_0.code,
        p1_0.description,
        p1_0.group_id,
        p1_0.name 
    from
        permissions p1_0 
    where
        p1_0.permission_id=?
Hibernate: 
    select
        p1_0.permission_id,
        p1_0.active,
        p1_0.code,
        p1_0.description,
        p1_0.group_id,
        p1_0.name 
    from
        permissions p1_0 
    where
        p1_0.permission_id=?
Hibernate: 
    select
        p1_0.permission_id,
        p1_0.active,
        p1_0.code,
        p1_0.description,
        p1_0.group_id,
        p1_0.name 
    from
        permissions p1_0 
    where
        p1_0.permission_id=?
Hibernate: 
    select
        p1_0.permission_id,
        p1_0.active,
        p1_0.code,
        p1_0.description,
        p1_0.group_id,
        p1_0.name 
    from
        permissions p1_0 
    where
        p1_0.permission_id=?
Hibernate: 
    select
        p1_0.permission_id,
        p1_0.active,
        p1_0.code,
        p1_0.description,
        p1_0.group_id,
        p1_0.name 
    from
        permissions p1_0 
    where
        p1_0.permission_id=?
Hibernate: 
    select
        p1_0.permission_id,
        p1_0.active,
        p1_0.code,
        p1_0.description,
        p1_0.group_id,
        p1_0.name 
    from
        permissions p1_0 
    where
        p1_0.permission_id=?
Hibernate: 
    select
        p1_0.permission_id,
        p1_0.active,
        p1_0.code,
        p1_0.description,
        p1_0.group_id,
        p1_0.name 
    from
        permissions p1_0 
    where
        p1_0.permission_id=?
Hibernate: 
    select
        p1_0.permission_id,
        p1_0.active,
        p1_0.code,
        p1_0.description,
        p1_0.group_id,
        p1_0.name 
    from
        permissions p1_0 
    where
        p1_0.permission_id=?
Hibernate: 
    select
        p1_0.permission_id,
        p1_0.active,
        p1_0.code,
        p1_0.description,
        p1_0.group_id,
        p1_0.name 
    from
        permissions p1_0 
    where
        p1_0.permission_id=?
Hibernate: 
    select
        p1_0.permission_id,
        p1_0.active,
        p1_0.code,
        p1_0.description,
        p1_0.group_id,
        p1_0.name 
    from
        permissions p1_0 
    where
        p1_0.permission_id=?
Hibernate: 
    select
        p1_0.permission_id,
        p1_0.active,
        p1_0.code,
        p1_0.description,
        p1_0.group_id,
        p1_0.name 
    from
        permissions p1_0 
    where
        p1_0.permission_id=?
Hibernate: 
    select
        p1_0.permission_id,
        p1_0.active,
        p1_0.code,
        p1_0.description,
        p1_0.group_id,
        p1_0.name 
    from
        permissions p1_0 
    where
        p1_0.permission_id=?
Hibernate: 
    select
        p1_0.permission_id,
        p1_0.active,
        p1_0.code,
        p1_0.description,
        p1_0.group_id,
        p1_0.name 
    from
        permissions p1_0 
    where
        p1_0.permission_id=?
Hibernate: 
    select
        p1_0.permission_id,
        p1_0.active,
        p1_0.code,
        p1_0.description,
        p1_0.group_id,
        p1_0.name 
    from
        permissions p1_0 
    where
        p1_0.permission_id=?
Hibernate: 
    select
        p1_0.permission_id,
        p1_0.active,
        p1_0.code,
        p1_0.description,
        p1_0.group_id,
        p1_0.name 
    from
        permissions p1_0 
    where
        p1_0.permission_id=?
Hibernate: 
    select
        p1_0.permission_id,
        p1_0.active,
        p1_0.code,
        p1_0.description,
        p1_0.group_id,
        p1_0.name 
    from
        permissions p1_0 
    where
        p1_0.permission_id=?
Hibernate: 
    select
        p1_0.permission_id,
        p1_0.active,
        p1_0.code,
        p1_0.description,
        p1_0.group_id,
        p1_0.name 
    from
        permissions p1_0 
    where
        p1_0.permission_id=?
Hibernate: 
    select
        p1_0.permission_id,
        p1_0.active,
        p1_0.code,
        p1_0.description,
        p1_0.group_id,
        p1_0.name 
    from
        permissions p1_0 
    where
        p1_0.permission_id=?
Hibernate: 
    select
        p1_0.permission_id,
        p1_0.active,
        p1_0.code,
        p1_0.description,
        p1_0.group_id,
        p1_0.name 
    from
        permissions p1_0 
    where
        p1_0.permission_id=?
Hibernate: 
    select
        p1_0.permission_id,
        p1_0.active,
        p1_0.code,
        p1_0.description,
        p1_0.group_id,
        p1_0.name 
    from
        permissions p1_0 
    where
        p1_0.permission_id=?
Hibernate: 
    select
        dt1_0.id,
        dt1_0.active,
        dt1_0.code,
        dt1_0.created_at,
        dt1_0.description,
        dt1_0.name,
        dt1_0.updated_at 
    from
        document_types dt1_0
Hibernate: 
    select
        u1_0.user_id,
        u1_0.avatar,
        u1_0.company_id,
        u1_0.created_at,
        u1_0.email,
        u1_0.full_name,
        u1_0.password_hash,
        u1_0.phone,
        u1_0.status,
        u1_0.updated_at,
        u1_0.username 
    from
        users u1_0 
    where
        u1_0.username=?
Hibernate: 
    select
        ur1_0.user_id,
        ur1_0.user_role_id,
        ur1_0.assigned_at,
        ur1_0.assigned_by,
        ur1_0.role_id 
    from
        user_roles ur1_0 
    where
        ur1_0.user_id=?
Hibernate: 
    select
        r1_0.role_id,
        r1_0.active,
        r1_0.code,
        r1_0.created_at,
        r1_0.description,
        r1_0.role_name,
        r1_0.updated_at 
    from
        roles r1_0 
    where
        r1_0.role_id=?
Hibernate: 
    select
        u1_0.user_id,
        u1_0.avatar,
        u1_0.company_id,
        u1_0.created_at,
        u1_0.email,
        u1_0.full_name,
        u1_0.password_hash,
        u1_0.phone,
        u1_0.status,
        u1_0.updated_at,
        u1_0.username 
    from
        users u1_0 
    where
        u1_0.username=?
Hibernate: 
    select
        ur1_0.user_id,
        ur1_0.user_role_id,
        ur1_0.assigned_at,
        ur1_0.assigned_by,
        ur1_0.role_id 
    from
        user_roles ur1_0 
    where
        ur1_0.user_id=?
Hibernate: 
    select
        r1_0.role_id,
        r1_0.active,
        r1_0.code,
        r1_0.created_at,
        r1_0.description,
        r1_0.role_name,
        r1_0.updated_at 
    from
        roles r1_0 
    where
        r1_0.role_id=?
Hibernate: 
    select
        rp1_0.role_id,
        rp1_0.role_permission_id,
        rp1_0.assigned_at,
        rp1_0.assigned_by,
        rp1_0.permission_id 
    from
        role_permissions rp1_0 
    where
        rp1_0.role_id=?
Hibernate: 
    select
        u1_0.user_id,
        u1_0.avatar,
        u1_0.company_id,
        u1_0.created_at,
        u1_0.email,
        u1_0.full_name,
        u1_0.password_hash,
        u1_0.phone,
        u1_0.status,
        u1_0.updated_at,
        u1_0.username 
    from
        users u1_0 
    where
        u1_0.username=?
Hibernate: 
    select
        p1_0.permission_id,
        p1_0.active,
        p1_0.code,
        p1_0.description,
        p1_0.group_id,
        p1_0.name 
    from
        permissions p1_0 
    where
        p1_0.permission_id=?
Hibernate: 
    select
        ur1_0.user_id,
        ur1_0.user_role_id,
        ur1_0.assigned_at,
        ur1_0.assigned_by,
        ur1_0.role_id 
    from
        user_roles ur1_0 
    where
        ur1_0.user_id=?
Hibernate: 
    select
        p1_0.permission_id,
        p1_0.active,
        p1_0.code,
        p1_0.description,
        p1_0.group_id,
        p1_0.name 
    from
        permissions p1_0 
    where
        p1_0.permission_id=?
Hibernate: 
    select
        r1_0.role_id,
        r1_0.active,
        r1_0.code,
        r1_0.created_at,
        r1_0.description,
        r1_0.role_name,
        r1_0.updated_at 
    from
        roles r1_0 
    where
        r1_0.role_id=?
Hibernate: 
    select
        p1_0.permission_id,
        p1_0.active,
        p1_0.code,
        p1_0.description,
        p1_0.group_id,
        p1_0.name 
    from
        permissions p1_0 
    where
        p1_0.permission_id=?
Hibernate: 
    select
        p1_0.permission_id,
        p1_0.active,
        p1_0.code,
        p1_0.description,
        p1_0.group_id,
        p1_0.name 
    from
        permissions p1_0 
    where
        p1_0.permission_id=?
Hibernate: 
    select
        rp1_0.role_id,
        rp1_0.role_permission_id,
        rp1_0.assigned_at,
        rp1_0.assigned_by,
        rp1_0.permission_id 
    from
        role_permissions rp1_0 
    where
        rp1_0.role_id=?
Hibernate: 
    select
        p1_0.permission_id,
        p1_0.active,
        p1_0.code,
        p1_0.description,
        p1_0.group_id,
        p1_0.name 
    from
        permissions p1_0 
    where
        p1_0.permission_id=?
Hibernate: 
    select
        p1_0.permission_id,
        p1_0.active,
        p1_0.code,
        p1_0.description,
        p1_0.group_id,
        p1_0.name 
    from
        permissions p1_0 
    where
        p1_0.permission_id=?
Hibernate: 
    select
        p1_0.permission_id,
        p1_0.active,
        p1_0.code,
        p1_0.description,
        p1_0.group_id,
        p1_0.name 
    from
        permissions p1_0 
    where
        p1_0.permission_id=?
Hibernate: 
    select
        p1_0.permission_id,
        p1_0.active,
        p1_0.code,
        p1_0.description,
        p1_0.group_id,
        p1_0.name 
    from
        permissions p1_0 
    where
        p1_0.permission_id=?
Hibernate: 
    select
        p1_0.permission_id,
        p1_0.active,
        p1_0.code,
        p1_0.description,
        p1_0.group_id,
        p1_0.name 
    from
        permissions p1_0 
    where
        p1_0.permission_id=?
Hibernate: 
    select
        p1_0.permission_id,
        p1_0.active,
        p1_0.code,
        p1_0.description,
        p1_0.group_id,
        p1_0.name 
    from
        permissions p1_0 
    where
        p1_0.permission_id=?
Hibernate: 
    select
        p1_0.permission_id,
        p1_0.active,
        p1_0.code,
        p1_0.description,
        p1_0.group_id,
        p1_0.name 
    from
        permissions p1_0 
    where
        p1_0.permission_id=?
Hibernate: 
    select
        p1_0.permission_id,
        p1_0.active,
        p1_0.code,
        p1_0.description,
        p1_0.group_id,
        p1_0.name 
    from
        permissions p1_0 
    where
        p1_0.permission_id=?
Hibernate: 
    select
        p1_0.permission_id,
        p1_0.active,
        p1_0.code,
        p1_0.description,
        p1_0.group_id,
        p1_0.name 
    from
        permissions p1_0 
    where
        p1_0.permission_id=?
Hibernate: 
    select
        p1_0.permission_id,
        p1_0.active,
        p1_0.code,
        p1_0.description,
        p1_0.group_id,
        p1_0.name 
    from
        permissions p1_0 
    where
        p1_0.permission_id=?
Hibernate: 
    select
        p1_0.permission_id,
        p1_0.active,
        p1_0.code,
        p1_0.description,
        p1_0.group_id,
        p1_0.name 
    from
        permissions p1_0 
    where
        p1_0.permission_id=?
Hibernate: 
    select
        p1_0.permission_id,
        p1_0.active,
        p1_0.code,
        p1_0.description,
        p1_0.group_id,
        p1_0.name 
    from
        permissions p1_0 
    where
        p1_0.permission_id=?
Hibernate: 
    select
        p1_0.permission_id,
        p1_0.active,
        p1_0.code,
        p1_0.description,
        p1_0.group_id,
        p1_0.name 
    from
        permissions p1_0 
    where
        p1_0.permission_id=?
Hibernate: 
    select
        p1_0.permission_id,
        p1_0.active,
        p1_0.code,
        p1_0.description,
        p1_0.group_id,
        p1_0.name 
    from
        permissions p1_0 
    where
        p1_0.permission_id=?
Hibernate: 
    select
        p1_0.permission_id,
        p1_0.active,
        p1_0.code,
        p1_0.description,
        p1_0.group_id,
        p1_0.name 
    from
        permissions p1_0 
    where
        p1_0.permission_id=?
Hibernate: 
    select
        p1_0.permission_id,
        p1_0.active,
        p1_0.code,
        p1_0.description,
        p1_0.group_id,
        p1_0.name 
    from
        permissions p1_0 
    where
        p1_0.permission_id=?
Hibernate: 
    select
        p1_0.permission_id,
        p1_0.active,
        p1_0.code,
        p1_0.description,
        p1_0.group_id,
        p1_0.name 
    from
        permissions p1_0 
    where
        p1_0.permission_id=?
Hibernate: 
    select
        p1_0.permission_id,
        p1_0.active,
        p1_0.code,
        p1_0.description,
        p1_0.group_id,
        p1_0.name 
    from
        permissions p1_0 
    where
        p1_0.permission_id=?
Hibernate: 
    select
        p1_0.permission_id,
        p1_0.active,
        p1_0.code,
        p1_0.description,
        p1_0.group_id,
        p1_0.name 
    from
        permissions p1_0 
    where
        p1_0.permission_id=?
Hibernate: 
    select
        p1_0.permission_id,
        p1_0.active,
        p1_0.code,
        p1_0.description,
        p1_0.group_id,
        p1_0.name 
    from
        permissions p1_0 
    where
        p1_0.permission_id=?
Hibernate: 
    select
        p1_0.permission_id,
        p1_0.active,
        p1_0.code,
        p1_0.description,
        p1_0.group_id,
        p1_0.name 
    from
        permissions p1_0 
    where
        p1_0.permission_id=?
Hibernate: 
    select
        p1_0.permission_id,
        p1_0.active,
        p1_0.code,
        p1_0.description,
        p1_0.group_id,
        p1_0.name 
    from
        permissions p1_0 
    where
        p1_0.permission_id=?
Hibernate: 
    select
        p1_0.permission_id,
        p1_0.active,
        p1_0.code,
        p1_0.description,
        p1_0.group_id,
        p1_0.name 
    from
        permissions p1_0 
    where
        p1_0.permission_id=?
Hibernate: 
    select
        p1_0.permission_id,
        p1_0.active,
        p1_0.code,
        p1_0.description,
        p1_0.group_id,
        p1_0.name 
    from
        permissions p1_0 
    where
        p1_0.permission_id=?
Hibernate: 
    select
        u1_0.user_id,
        u1_0.avatar,
        u1_0.company_id,
        u1_0.created_at,
        u1_0.email,
        u1_0.full_name,
        u1_0.password_hash,
        u1_0.phone,
        u1_0.status,
        u1_0.updated_at,
        u1_0.username 
    from
        users u1_0 
    where
        u1_0.username=?
Hibernate: 
    select
        p1_0.permission_id,
        p1_0.active,
        p1_0.code,
        p1_0.description,
        p1_0.group_id,
        p1_0.name 
    from
        permissions p1_0 
    where
        p1_0.permission_id=?
Hibernate: 
    select
        ur1_0.user_id,
        ur1_0.user_role_id,
        ur1_0.assigned_at,
        ur1_0.assigned_by,
        ur1_0.role_id 
    from
        user_roles ur1_0 
    where
        ur1_0.user_id=?
Hibernate: 
    select
        p1_0.permission_id,
        p1_0.active,
        p1_0.code,
        p1_0.description,
        p1_0.group_id,
        p1_0.name 
    from
        permissions p1_0 
    where
        p1_0.permission_id=?
Hibernate: 
    select
        r1_0.role_id,
        r1_0.active,
        r1_0.code,
        r1_0.created_at,
        r1_0.description,
        r1_0.role_name,
        r1_0.updated_at 
    from
        roles r1_0 
    where
        r1_0.role_id=?
Hibernate: 
    select
        p1_0.permission_id,
        p1_0.active,
        p1_0.code,
        p1_0.description,
        p1_0.group_id,
        p1_0.name 
    from
        permissions p1_0 
    where
        p1_0.permission_id=?
Hibernate: 
    select
        p1_0.permission_id,
        p1_0.active,
        p1_0.code,
        p1_0.description,
        p1_0.group_id,
        p1_0.name 
    from
        permissions p1_0 
    where
        p1_0.permission_id=?
Hibernate: 
    select
        p1_0.permission_id,
        p1_0.active,
        p1_0.code,
        p1_0.description,
        p1_0.group_id,
        p1_0.name 
    from
        permissions p1_0 
    where
        p1_0.permission_id=?
Hibernate: 
    select
        p1_0.permission_id,
        p1_0.active,
        p1_0.code,
        p1_0.description,
        p1_0.group_id,
        p1_0.name 
    from
        permissions p1_0 
    where
        p1_0.permission_id=?
Hibernate: 
    select
        p1_0.permission_id,
        p1_0.active,
        p1_0.code,
        p1_0.description,
        p1_0.group_id,
        p1_0.name 
    from
        permissions p1_0 
    where
        p1_0.permission_id=?
Hibernate: 
    select
        p1_0.permission_id,
        p1_0.active,
        p1_0.code,
        p1_0.description,
        p1_0.group_id,
        p1_0.name 
    from
        permissions p1_0 
    where
        p1_0.permission_id=?
Hibernate: 
    select
        p1_0.permission_id,
        p1_0.active,
        p1_0.code,
        p1_0.description,
        p1_0.group_id,
        p1_0.name 
    from
        permissions p1_0 
    where
        p1_0.permission_id=?
Hibernate: 
    select
        p1_0.permission_id,
        p1_0.active,
        p1_0.code,
        p1_0.description,
        p1_0.group_id,
        p1_0.name 
    from
        permissions p1_0 
    where
        p1_0.permission_id=?
Hibernate: 
    select
        p1_0.permission_id,
        p1_0.active,
        p1_0.code,
        p1_0.description,
        p1_0.group_id,
        p1_0.name 
    from
        permissions p1_0 
    where
        p1_0.permission_id=?
Hibernate: 
    select
        p1_0.permission_id,
        p1_0.active,
        p1_0.code,
        p1_0.description,
        p1_0.group_id,
        p1_0.name 
    from
        permissions p1_0 
    where
        p1_0.permission_id=?
Hibernate: 
    select
        p1_0.permission_id,
        p1_0.active,
        p1_0.code,
        p1_0.description,
        p1_0.group_id,
        p1_0.name 
    from
        permissions p1_0 
    where
        p1_0.permission_id=?
Hibernate: 
    select
        p1_0.permission_id,
        p1_0.active,
        p1_0.code,
        p1_0.description,
        p1_0.group_id,
        p1_0.name 
    from
        permissions p1_0 
    where
        p1_0.permission_id=?
Hibernate: 
    select
        p1_0.permission_id,
        p1_0.active,
        p1_0.code,
        p1_0.description,
        p1_0.group_id,
        p1_0.name 
    from
        permissions p1_0 
    where
        p1_0.permission_id=?
Hibernate: 
    select
        p1_0.permission_id,
        p1_0.active,
        p1_0.code,
        p1_0.description,
        p1_0.group_id,
        p1_0.name 
    from
        permissions p1_0 
    where
        p1_0.permission_id=?
Hibernate: 
    select
        p1_0.permission_id,
        p1_0.active,
        p1_0.code,
        p1_0.description,
        p1_0.group_id,
        p1_0.name 
    from
        permissions p1_0 
    where
        p1_0.permission_id=?
Hibernate: 
    select
        p1_0.permission_id,
        p1_0.active,
        p1_0.code,
        p1_0.description,
        p1_0.group_id,
        p1_0.name 
    from
        permissions p1_0 
    where
        p1_0.permission_id=?
Hibernate: 
    select
        p1_0.permission_id,
        p1_0.active,
        p1_0.code,
        p1_0.description,
        p1_0.group_id,
        p1_0.name 
    from
        permissions p1_0 
    where
        p1_0.permission_id=?
Hibernate: 
    select
        p1_0.permission_id,
        p1_0.active,
        p1_0.code,
        p1_0.description,
        p1_0.group_id,
        p1_0.name 
    from
        permissions p1_0 
    where
        p1_0.permission_id=?
Hibernate: 
    select
        dt1_0.id,
        dt1_0.active,
        dt1_0.code,
        dt1_0.created_at,
        dt1_0.description,
        dt1_0.name,
        dt1_0.updated_at 
    from
        document_types dt1_0
Hibernate: 
    select
        u1_0.user_id,
        u1_0.avatar,
        u1_0.company_id,
        u1_0.created_at,
        u1_0.email,
        u1_0.full_name,
        u1_0.password_hash,
        u1_0.phone,
        u1_0.status,
        u1_0.updated_at,
        u1_0.username 
    from
        users u1_0 
    where
        u1_0.username=?
Hibernate: 
    select
        ur1_0.user_id,
        ur1_0.user_role_id,
        ur1_0.assigned_at,
        ur1_0.assigned_by,
        ur1_0.role_id 
    from
        user_roles ur1_0 
    where
        ur1_0.user_id=?
Hibernate: 
    select
        r1_0.role_id,
        r1_0.active,
        r1_0.code,
        r1_0.created_at,
        r1_0.description,
        r1_0.role_name,
        r1_0.updated_at 
    from
        roles r1_0 
    where
        r1_0.role_id=?
Hibernate: 
    select
        rp1_0.role_id,
        rp1_0.role_permission_id,
        rp1_0.assigned_at,
        rp1_0.assigned_by,
        rp1_0.permission_id 
    from
        role_permissions rp1_0 
    where
        rp1_0.role_id=?
Hibernate: 
    select
        p1_0.permission_id,
        p1_0.active,
        p1_0.code,
        p1_0.description,
        p1_0.group_id,
        p1_0.name 
    from
        permissions p1_0 
    where
        p1_0.permission_id=?
Hibernate: 
    select
        p1_0.permission_id,
        p1_0.active,
        p1_0.code,
        p1_0.description,
        p1_0.group_id,
        p1_0.name 
    from
        permissions p1_0 
    where
        p1_0.permission_id=?
Hibernate: 
    select
        p1_0.permission_id,
        p1_0.active,
        p1_0.code,
        p1_0.description,
        p1_0.group_id,
        p1_0.name 
    from
        permissions p1_0 
    where
        p1_0.permission_id=?
Hibernate: 
    select
        p1_0.permission_id,
        p1_0.active,
        p1_0.code,
        p1_0.description,
        p1_0.group_id,
        p1_0.name 
    from
        permissions p1_0 
    where
        p1_0.permission_id=?
Hibernate: 
    select
        p1_0.permission_id,
        p1_0.active,
        p1_0.code,
        p1_0.description,
        p1_0.group_id,
        p1_0.name 
    from
        permissions p1_0 
    where
        p1_0.permission_id=?
Hibernate: 
    select
        p1_0.permission_id,
        p1_0.active,
        p1_0.code,
        p1_0.description,
        p1_0.group_id,
        p1_0.name 
    from
        permissions p1_0 
    where
        p1_0.permission_id=?
Hibernate: 
    select
        p1_0.permission_id,
        p1_0.active,
        p1_0.code,
        p1_0.description,
        p1_0.group_id,
        p1_0.name 
    from
        permissions p1_0 
    where
        p1_0.permission_id=?
Hibernate: 
    select
        p1_0.permission_id,
        p1_0.active,
        p1_0.code,
        p1_0.description,
        p1_0.group_id,
        p1_0.name 
    from
        permissions p1_0 
    where
        p1_0.permission_id=?
Hibernate: 
    select
        p1_0.permission_id,
        p1_0.active,
        p1_0.code,
        p1_0.description,
        p1_0.group_id,
        p1_0.name 
    from
        permissions p1_0 
    where
        p1_0.permission_id=?
Hibernate: 
    select
        p1_0.permission_id,
        p1_0.active,
        p1_0.code,
        p1_0.description,
        p1_0.group_id,
        p1_0.name 
    from
        permissions p1_0 
    where
        p1_0.permission_id=?
Hibernate: 
    select
        p1_0.permission_id,
        p1_0.active,
        p1_0.code,
        p1_0.description,
        p1_0.group_id,
        p1_0.name 
    from
        permissions p1_0 
    where
        p1_0.permission_id=?
Hibernate: 
    select
        p1_0.permission_id,
        p1_0.active,
        p1_0.code,
        p1_0.description,
        p1_0.group_id,
        p1_0.name 
    from
        permissions p1_0 
    where
        p1_0.permission_id=?
Hibernate: 
    select
        p1_0.permission_id,
        p1_0.active,
        p1_0.code,
        p1_0.description,
        p1_0.group_id,
        p1_0.name 
    from
        permissions p1_0 
    where
        p1_0.permission_id=?
Hibernate: 
    select
        p1_0.permission_id,
        p1_0.active,
        p1_0.code,
        p1_0.description,
        p1_0.group_id,
        p1_0.name 
    from
        permissions p1_0 
    where
        p1_0.permission_id=?
Hibernate: 
    select
        p1_0.permission_id,
        p1_0.active,
        p1_0.code,
        p1_0.description,
        p1_0.group_id,
        p1_0.name 
    from
        permissions p1_0 
    where
        p1_0.permission_id=?
Hibernate: 
    select
        p1_0.permission_id,
        p1_0.active,
        p1_0.code,
        p1_0.description,
        p1_0.group_id,
        p1_0.name 
    from
        permissions p1_0 
    where
        p1_0.permission_id=?
Hibernate: 
    select
        p1_0.permission_id,
        p1_0.active,
        p1_0.code,
        p1_0.description,
        p1_0.group_id,
        p1_0.name 
    from
        permissions p1_0 
    where
        p1_0.permission_id=?
Hibernate: 
    select
        p1_0.permission_id,
        p1_0.active,
        p1_0.code,
        p1_0.description,
        p1_0.group_id,
        p1_0.name 
    from
        permissions p1_0 
    where
        p1_0.permission_id=?
Hibernate: 
    select
        p1_0.permission_id,
        p1_0.active,
        p1_0.code,
        p1_0.description,
        p1_0.group_id,
        p1_0.name 
    from
        permissions p1_0 
    where
        p1_0.permission_id=?
Hibernate: 
    select
        p1_0.permission_id,
        p1_0.active,
        p1_0.code,
        p1_0.description,
        p1_0.group_id,
        p1_0.name 
    from
        permissions p1_0 
    where
        p1_0.permission_id=?
Hibernate: 
    select
        p1_0.permission_id,
        p1_0.active,
        p1_0.code,
        p1_0.description,
        p1_0.group_id,
        p1_0.name 
    from
        permissions p1_0 
    where
        p1_0.permission_id=?
Hibernate: 
    select
        p1_0.permission_id,
        p1_0.active,
        p1_0.code,
        p1_0.description,
        p1_0.group_id,
        p1_0.name 
    from
        permissions p1_0 
    where
        p1_0.permission_id=?
Hibernate: 
    select
        p1_0.permission_id,
        p1_0.active,
        p1_0.code,
        p1_0.description,
        p1_0.group_id,
        p1_0.name 
    from
        permissions p1_0 
    where
        p1_0.permission_id=?
Hibernate: 
    select
        p1_0.permission_id,
        p1_0.active,
        p1_0.code,
        p1_0.description,
        p1_0.group_id,
        p1_0.name 
    from
        permissions p1_0 
    where
        p1_0.permission_id=?
Hibernate: 
    select
        u1_0.user_id,
        u1_0.avatar,
        u1_0.company_id,
        u1_0.created_at,
        u1_0.email,
        u1_0.full_name,
        u1_0.password_hash,
        u1_0.phone,
        u1_0.status,
        u1_0.updated_at,
        u1_0.username 
    from
        users u1_0 
    where
        u1_0.username=?
Hibernate: 
    insert 
    into
        documents
        (company_id, created_at, document_type, file_name, object_key, file_size, mime_type, original_file_name, review_status, processing_status, type_id, updated_at, uploaded_by) 
    values
        (?, ?, ?, ?, ?, ?, ?, ?, ?, ?, ?, ?, ?)
Hibernate: 
    insert 
    into
        document_versions
        (content_type, created_at, created_by, document_id, file_name, file_size, object_key, original_filename, version_number) 
    values
        (?, ?, ?, ?, ?, ?, ?, ?, ?)
Hibernate: 
    select
        u1_0.user_id,
        u1_0.avatar,
        u1_0.company_id,
        u1_0.created_at,
        u1_0.email,
        u1_0.full_name,
        u1_0.password_hash,
        u1_0.phone,
        u1_0.status,
        u1_0.updated_at,
        u1_0.username 
    from
        users u1_0 
    where
        u1_0.username=?
Hibernate: 
    select
        ur1_0.user_id,
        ur1_0.user_role_id,
        ur1_0.assigned_at,
        ur1_0.assigned_by,
        ur1_0.role_id 
    from
        user_roles ur1_0 
    where
        ur1_0.user_id=?
Hibernate: 
    select
        r1_0.role_id,
        r1_0.active,
        r1_0.code,
        r1_0.created_at,
        r1_0.description,
        r1_0.role_name,
        r1_0.updated_at 
    from
        roles r1_0 
    where
        r1_0.role_id=?
Hibernate: 
    select
        rp1_0.role_id,
        rp1_0.role_permission_id,
        rp1_0.assigned_at,
        rp1_0.assigned_by,
        rp1_0.permission_id 
    from
        role_permissions rp1_0 
    where
        rp1_0.role_id=?
Hibernate: 
    select
        p1_0.permission_id,
        p1_0.active,
        p1_0.code,
        p1_0.description,
        p1_0.group_id,
        p1_0.name 
    from
        permissions p1_0 
    where
        p1_0.permission_id=?
Hibernate: 
    select
        p1_0.permission_id,
        p1_0.active,
        p1_0.code,
        p1_0.description,
        p1_0.group_id,
        p1_0.name 
    from
        permissions p1_0 
    where
        p1_0.permission_id=?
Hibernate: 
    select
        p1_0.permission_id,
        p1_0.active,
        p1_0.code,
        p1_0.description,
        p1_0.group_id,
        p1_0.name 
    from
        permissions p1_0 
    where
        p1_0.permission_id=?
Hibernate: 
    select
        p1_0.permission_id,
        p1_0.active,
        p1_0.code,
        p1_0.description,
        p1_0.group_id,
        p1_0.name 
    from
        permissions p1_0 
    where
        p1_0.permission_id=?
Hibernate: 
    select
        p1_0.permission_id,
        p1_0.active,
        p1_0.code,
        p1_0.description,
        p1_0.group_id,
        p1_0.name 
    from
        permissions p1_0 
    where
        p1_0.permission_id=?
Hibernate: 
    select
        p1_0.permission_id,
        p1_0.active,
        p1_0.code,
        p1_0.description,
        p1_0.group_id,
        p1_0.name 
    from
        permissions p1_0 
    where
        p1_0.permission_id=?
Hibernate: 
    select
        p1_0.permission_id,
        p1_0.active,
        p1_0.code,
        p1_0.description,
        p1_0.group_id,
        p1_0.name 
    from
        permissions p1_0 
    where
        p1_0.permission_id=?
Hibernate: 
    select
        p1_0.permission_id,
        p1_0.active,
        p1_0.code,
        p1_0.description,
        p1_0.group_id,
        p1_0.name 
    from
        permissions p1_0 
    where
        p1_0.permission_id=?
Hibernate: 
    select
        p1_0.permission_id,
        p1_0.active,
        p1_0.code,
        p1_0.description,
        p1_0.group_id,
        p1_0.name 
    from
        permissions p1_0 
    where
        p1_0.permission_id=?
Hibernate: 
    select
        p1_0.permission_id,
        p1_0.active,
        p1_0.code,
        p1_0.description,
        p1_0.group_id,
        p1_0.name 
    from
        permissions p1_0 
    where
        p1_0.permission_id=?
Hibernate: 
    select
        p1_0.permission_id,
        p1_0.active,
        p1_0.code,
        p1_0.description,
        p1_0.group_id,
        p1_0.name 
    from
        permissions p1_0 
    where
        p1_0.permission_id=?
Hibernate: 
    select
        p1_0.permission_id,
        p1_0.active,
        p1_0.code,
        p1_0.description,
        p1_0.group_id,
        p1_0.name 
    from
        permissions p1_0 
    where
        p1_0.permission_id=?
Hibernate: 
    select
        p1_0.permission_id,
        p1_0.active,
        p1_0.code,
        p1_0.description,
        p1_0.group_id,
        p1_0.name 
    from
        permissions p1_0 
    where
        p1_0.permission_id=?
Hibernate: 
    select
        p1_0.permission_id,
        p1_0.active,
        p1_0.code,
        p1_0.description,
        p1_0.group_id,
        p1_0.name 
    from
        permissions p1_0 
    where
        p1_0.permission_id=?
Hibernate: 
    select
        p1_0.permission_id,
        p1_0.active,
        p1_0.code,
        p1_0.description,
        p1_0.group_id,
        p1_0.name 
    from
        permissions p1_0 
    where
        p1_0.permission_id=?
Hibernate: 
    select
        p1_0.permission_id,
        p1_0.active,
        p1_0.code,
        p1_0.description,
        p1_0.group_id,
        p1_0.name 
    from
        permissions p1_0 
    where
        p1_0.permission_id=?
Hibernate: 
    select
        p1_0.permission_id,
        p1_0.active,
        p1_0.code,
        p1_0.description,
        p1_0.group_id,
        p1_0.name 
    from
        permissions p1_0 
    where
        p1_0.permission_id=?
Hibernate: 
    select
        p1_0.permission_id,
        p1_0.active,
        p1_0.code,
        p1_0.description,
        p1_0.group_id,
        p1_0.name 
    from
        permissions p1_0 
    where
        p1_0.permission_id=?
Hibernate: 
    select
        p1_0.permission_id,
        p1_0.active,
        p1_0.code,
        p1_0.description,
        p1_0.group_id,
        p1_0.name 
    from
        permissions p1_0 
    where
        p1_0.permission_id=?
Hibernate: 
    select
        p1_0.permission_id,
        p1_0.active,
        p1_0.code,
        p1_0.description,
        p1_0.group_id,
        p1_0.name 
    from
        permissions p1_0 
    where
        p1_0.permission_id=?
Hibernate: 
    select
        p1_0.permission_id,
        p1_0.active,
        p1_0.code,
        p1_0.description,
        p1_0.group_id,
        p1_0.name 
    from
        permissions p1_0 
    where
        p1_0.permission_id=?
Hibernate: 
    select
        p1_0.permission_id,
        p1_0.active,
        p1_0.code,
        p1_0.description,
        p1_0.group_id,
        p1_0.name 
    from
        permissions p1_0 
    where
        p1_0.permission_id=?
Hibernate: 
    select
        p1_0.permission_id,
        p1_0.active,
        p1_0.code,
        p1_0.description,
        p1_0.group_id,
        p1_0.name 
    from
        permissions p1_0 
    where
        p1_0.permission_id=?
Hibernate: 
    select
        p1_0.permission_id,
        p1_0.active,
        p1_0.code,
        p1_0.description,
        p1_0.group_id,
        p1_0.name 
    from
        permissions p1_0 
    where
        p1_0.permission_id=?
Hibernate: 
    select
        u1_0.user_id,
        u1_0.avatar,
        u1_0.company_id,
        u1_0.created_at,
        u1_0.email,
        u1_0.full_name,
        u1_0.password_hash,
        u1_0.phone,
        u1_0.status,
        u1_0.updated_at,
        u1_0.username 
    from
        users u1_0 
    where
        u1_0.username=?
Hibernate: 
    select
        ur1_0.user_id,
        ur1_0.user_role_id,
        ur1_0.assigned_at,
        ur1_0.assigned_by,
        ur1_0.role_id 
    from
        user_roles ur1_0 
    where
        ur1_0.user_id=?
Hibernate: 
    select
        r1_0.role_id,
        r1_0.active,
        r1_0.code,
        r1_0.created_at,
        r1_0.description,
        r1_0.role_name,
        r1_0.updated_at 
    from
        roles r1_0 
    where
        r1_0.role_id=?
Hibernate: 
    select
        d1_0.document_id,
        d1_0.company_id,
        d1_0.created_at,
        d1_0.document_type,
        d1_0.file_name,
        d1_0.object_key,
        d1_0.file_size,
        d1_0.mime_type,
        d1_0.original_file_name,
        d1_0.review_status,
        d1_0.processing_status,
        d1_0.type_id,
        d1_0.updated_at,
        d1_0.uploaded_by 
    from
        documents d1_0 
    where
        d1_0.document_id=?
Hibernate: 
    select
        i1_0.invoice_id,
        i1_0.buyer_address,
        i1_0.buyer_name,
        i1_0.buyer_tax_code,
        i1_0.created_at,
        i1_0.document_id,
        i1_0.invoice_date,
        i1_0.invoice_number,
        i1_0.invoice_series,
        i1_0.seller_address,
        i1_0.seller_name,
        i1_0.seller_tax_code,
        i1_0.total_before_tax,
        i1_0.total_amount,
        i1_0.updated_at,
        i1_0.tax_amount 
    from
        invoice_data i1_0 
    where
        i1_0.document_id=?
Hibernate: 
    select
        dt1_0.id,
        dt1_0.active,
        dt1_0.code,
        dt1_0.created_at,
        dt1_0.description,
        dt1_0.name,
        dt1_0.updated_at 
    from
        document_types dt1_0 
    where
        dt1_0.active
Hibernate: 
    select
        u1_0.user_id,
        u1_0.avatar,
        u1_0.company_id,
        u1_0.created_at,
        u1_0.email,
        u1_0.full_name,
        u1_0.password_hash,
        u1_0.phone,
        u1_0.status,
        u1_0.updated_at,
        u1_0.username 
    from
        users u1_0 
    where
        u1_0.username=?
Hibernate: 
    select
        ur1_0.user_id,
        ur1_0.user_role_id,
        ur1_0.assigned_at,
        ur1_0.assigned_by,
        ur1_0.role_id 
    from
        user_roles ur1_0 
    where
        ur1_0.user_id=?
Hibernate: 
    select
        r1_0.role_id,
        r1_0.active,
        r1_0.code,
        r1_0.created_at,
        r1_0.description,
        r1_0.role_name,
        r1_0.updated_at 
    from
        roles r1_0 
    where
        r1_0.role_id=?
Hibernate: 
    select
        d1_0.document_id,
        d1_0.company_id,
        d1_0.created_at,
        d1_0.document_type,
        d1_0.file_name,
        d1_0.object_key,
        d1_0.file_size,
        d1_0.mime_type,
        d1_0.original_file_name,
        d1_0.review_status,
        d1_0.processing_status,
        d1_0.type_id,
        d1_0.updated_at,
        d1_0.uploaded_by 
    from
        documents d1_0 
    where
        d1_0.document_id=?
Hibernate: 
    select
        i1_0.invoice_id,
        i1_0.buyer_address,
        i1_0.buyer_name,
        i1_0.buyer_tax_code,
        i1_0.created_at,
        i1_0.document_id,
        i1_0.invoice_date,
        i1_0.invoice_number,
        i1_0.invoice_series,
        i1_0.seller_address,
        i1_0.seller_name,
        i1_0.seller_tax_code,
        i1_0.total_before_tax,
        i1_0.total_amount,
        i1_0.updated_at,
        i1_0.tax_amount 
    from
        invoice_data i1_0 
    where
        i1_0.document_id=?
Hibernate: 
    select
        u1_0.user_id,
        u1_0.avatar,
        u1_0.company_id,
        u1_0.created_at,
        u1_0.email,
        u1_0.full_name,
        u1_0.password_hash,
        u1_0.phone,
        u1_0.status,
        u1_0.updated_at,
        u1_0.username 
    from
        users u1_0 
    where
        u1_0.username=?
Hibernate: 
    select
        ur1_0.user_id,
        ur1_0.user_role_id,
        ur1_0.assigned_at,
        ur1_0.assigned_by,
        ur1_0.role_id 
    from
        user_roles ur1_0 
    where
        ur1_0.user_id=?
Hibernate: 
    select
        r1_0.role_id,
        r1_0.active,
        r1_0.code,
        r1_0.created_at,
        r1_0.description,
        r1_0.role_name,
        r1_0.updated_at 
    from
        roles r1_0 
    where
        r1_0.role_id=?
Hibernate: 
    select
        d1_0.document_id,
        d1_0.company_id,
        d1_0.created_at,
        d1_0.document_type,
        d1_0.file_name,
        d1_0.object_key,
        d1_0.file_size,
        d1_0.mime_type,
        d1_0.original_file_name,
        d1_0.review_status,
        d1_0.processing_status,
        d1_0.type_id,
        d1_0.updated_at,
        d1_0.uploaded_by 
    from
        documents d1_0 
    where
        d1_0.document_id=?
Hibernate: 
    select
        i1_0.invoice_id,
        i1_0.buyer_address,
        i1_0.buyer_name,
        i1_0.buyer_tax_code,
        i1_0.created_at,
        i1_0.document_id,
        i1_0.invoice_date,
        i1_0.invoice_number,
        i1_0.invoice_series,
        i1_0.seller_address,
        i1_0.seller_name,
        i1_0.seller_tax_code,
        i1_0.total_before_tax,
        i1_0.total_amount,
        i1_0.updated_at,
        i1_0.tax_amount 
    from
        invoice_data i1_0 
    where
        i1_0.document_id=?
Hibernate: 
    update
        documents 
    set
        company_id=?,
        document_type=?,
        file_name=?,
        object_key=?,
        file_size=?,
        mime_type=?,
        original_file_name=?,
        review_status=?,
        processing_status=?,
        type_id=?,
        updated_at=?,
        uploaded_by=? 
    where
        document_id=?
Hibernate: 
    select
        u1_0.user_id,
        u1_0.avatar,
        u1_0.company_id,
        u1_0.created_at,
        u1_0.email,
        u1_0.full_name,
        u1_0.password_hash,
        u1_0.phone,
        u1_0.status,
        u1_0.updated_at,
        u1_0.username 
    from
        users u1_0 
    where
        u1_0.username=?
Hibernate: 
    select
        ur1_0.user_id,
        ur1_0.user_role_id,
        ur1_0.assigned_at,
        ur1_0.assigned_by,
        ur1_0.role_id 
    from
        user_roles ur1_0 
    where
        ur1_0.user_id=?
Hibernate: 
    select
        r1_0.role_id,
        r1_0.active,
        r1_0.code,
        r1_0.created_at,
        r1_0.description,
        r1_0.role_name,
        r1_0.updated_at 
    from
        roles r1_0 
    where
        r1_0.role_id=?
Hibernate: 
    select
        d1_0.document_id,
        d1_0.company_id,
        d1_0.created_at,
        d1_0.document_type,
        d1_0.file_name,
        d1_0.object_key,
        d1_0.file_size,
        d1_0.mime_type,
        d1_0.original_file_name,
        d1_0.review_status,
        d1_0.processing_status,
        d1_0.type_id,
        d1_0.updated_at,
        d1_0.uploaded_by 
    from
        documents d1_0 
    where
        d1_0.document_id=?
Hibernate: 
    select
        i1_0.invoice_id,
        i1_0.buyer_address,
        i1_0.buyer_name,
        i1_0.buyer_tax_code,
        i1_0.created_at,
        i1_0.document_id,
        i1_0.invoice_date,
        i1_0.invoice_number,
        i1_0.invoice_series,
        i1_0.seller_address,
        i1_0.seller_name,
        i1_0.seller_tax_code,
        i1_0.total_before_tax,
        i1_0.total_amount,
        i1_0.updated_at,
        i1_0.tax_amount 
    from
        invoice_data i1_0 
    where
        i1_0.document_id=?
Hibernate: 
    insert 
    into
        processing_logs
        (agent_step, confidence, created_at, document_id, execution_time, message, model_name, model_version, process_type, processing_job_id, status) 
    values
        (?, ?, ?, ?, ?, ?, ?, ?, ?, ?, ?)
Hibernate: 
    select
        u1_0.user_id,
        u1_0.avatar,
        u1_0.company_id,
        u1_0.created_at,
        u1_0.email,
        u1_0.full_name,
        u1_0.password_hash,
        u1_0.phone,
        u1_0.status,
        u1_0.updated_at,
        u1_0.username 
    from
        users u1_0 
    where
        u1_0.username=?
Hibernate: 
    select
        ur1_0.user_id,
        ur1_0.user_role_id,
        ur1_0.assigned_at,
        ur1_0.assigned_by,
        ur1_0.role_id 
    from
        user_roles ur1_0 
    where
        ur1_0.user_id=?
Hibernate: 
    select
        r1_0.role_id,
        r1_0.active,
        r1_0.code,
        r1_0.created_at,
        r1_0.description,
        r1_0.role_name,
        r1_0.updated_at 
    from
        roles r1_0 
    where
        r1_0.role_id=?
Hibernate: 
    select
        d1_0.document_id,
        d1_0.company_id,
        d1_0.created_at,
        d1_0.document_type,
        d1_0.file_name,
        d1_0.object_key,
        d1_0.file_size,
        d1_0.mime_type,
        d1_0.original_file_name,
        d1_0.review_status,
        d1_0.processing_status,
        d1_0.type_id,
        d1_0.updated_at,
        d1_0.uploaded_by 
    from
        documents d1_0 
    where
        d1_0.document_id=?
Hibernate: 
    select
        i1_0.invoice_id,
        i1_0.buyer_address,
        i1_0.buyer_name,
        i1_0.buyer_tax_code,
        i1_0.created_at,
        i1_0.document_id,
        i1_0.invoice_date,
        i1_0.invoice_number,
        i1_0.invoice_series,
        i1_0.seller_address,
        i1_0.seller_name,
        i1_0.seller_tax_code,
        i1_0.total_before_tax,
        i1_0.total_amount,
        i1_0.updated_at,
        i1_0.tax_amount 
    from
        invoice_data i1_0 
    where
        i1_0.document_id=?
Hibernate: 
    update
        documents 
    set
        company_id=?,
        document_type=?,
        file_name=?,
        object_key=?,
        file_size=?,
        mime_type=?,
        original_file_name=?,
        review_status=?,
        processing_status=?,
        type_id=?,
        updated_at=?,
        uploaded_by=? 
    where
        document_id=?
Hibernate: 
    select
        u1_0.user_id,
        u1_0.avatar,
        u1_0.company_id,
        u1_0.created_at,
        u1_0.email,
        u1_0.full_name,
        u1_0.password_hash,
        u1_0.phone,
        u1_0.status,
        u1_0.updated_at,
        u1_0.username 
    from
        users u1_0 
    where
        u1_0.username=?
Hibernate: 
    select
        ur1_0.user_id,
        ur1_0.user_role_id,
        ur1_0.assigned_at,
        ur1_0.assigned_by,
        ur1_0.role_id 
    from
        user_roles ur1_0 
    where
        ur1_0.user_id=?
Hibernate: 
    select
        r1_0.role_id,
        r1_0.active,
        r1_0.code,
        r1_0.created_at,
        r1_0.description,
        r1_0.role_name,
        r1_0.updated_at 
    from
        roles r1_0 
    where
        r1_0.role_id=?
Hibernate: 
    select
        d1_0.document_id,
        d1_0.company_id,
        d1_0.created_at,
        d1_0.document_type,
        d1_0.file_name,
        d1_0.object_key,
        d1_0.file_size,
        d1_0.mime_type,
        d1_0.original_file_name,
        d1_0.review_status,
        d1_0.processing_status,
        d1_0.type_id,
        d1_0.updated_at,
        d1_0.uploaded_by 
    from
        documents d1_0 
    where
        d1_0.document_id=?
Hibernate: 
    select
        i1_0.invoice_id,
        i1_0.buyer_address,
        i1_0.buyer_name,
        i1_0.buyer_tax_code,
        i1_0.created_at,
        i1_0.document_id,
        i1_0.invoice_date,
        i1_0.invoice_number,
        i1_0.invoice_series,
        i1_0.seller_address,
        i1_0.seller_name,
        i1_0.seller_tax_code,
        i1_0.total_before_tax,
        i1_0.total_amount,
        i1_0.updated_at,
        i1_0.tax_amount 
    from
        invoice_data i1_0 
    where
        i1_0.document_id=?
Hibernate: 
    insert 
    into
        processing_logs
        (agent_step, confidence, created_at, document_id, execution_time, message, model_name, model_version, process_type, processing_job_id, status) 
    values
        (?, ?, ?, ?, ?, ?, ?, ?, ?, ?, ?)
